0 verbose cli C:\Program Files\nodejs\node.exe C:\Users\Tionne\AppData\Roaming\npm\node_modules\npm\bin\npm-cli.js
1 info using npm@11.6.2
2 info using node@v22.19.0
3 silly config load:file:C:\Users\Tionne\AppData\Roaming\npm\node_modules\npm\npmrc
4 silly config load:file:E:\laconic-skill\.npmrc
5 silly config load:file:C:\Users\Tionne\.npmrc
6 silly config load:file:C:\Users\Tionne\AppData\Roaming\npm\etc\npmrc
7 verbose title npm pack
8 verbose argv "pack" "--dry-run" "--json" "--cache" ".\\.tmp-npm-cache"
9 verbose logfile logs-max:10 dir:E:\laconic-skill\.tmp-npm-cache\_logs\2026-05-21T17_55_04_565Z-
10 verbose logfile E:\laconic-skill\.tmp-npm-cache\_logs\2026-05-21T17_55_04_565Z-debug-0.log
11 silly logfile done cleaning log files
12 silly packumentCache heap:4345298944 maxSize:1086324736 maxEntrySize:543162368
13 warn gitignore-fallback No .npmignore file found, using .gitignore for file exclusion. Consider creating a .npmignore file to explicitly control published files.
14 http fetch GET https://registry.npmjs.org/npm attempt 1 failed with ECONNREFUSED
15 verbose cwd E:\laconic-skill
16 verbose os Windows_NT 10.0.26200
17 verbose node v22.19.0
18 verbose npm  v11.6.2
19 verbose exit 0
20 info ok
